** - This is my sentence. i like to ***** ** ***** ** and if you can't move ** i don't know!
OK this sitting is unaccatple if i like to ***** **! can you *****-**? not a single
*****. or re-***** ok? am i (*****) or mooveing?
Done!**
